#性能测试
## 硬件
    # cat /proc/cpuinfo 
    processor	: 0
    model name	: ARMv7 Processor rev 1 (v7l)
    BogoMIPS	: 795.44
    Features	: half thumb fastmult edsp tls 
    CPU implementer	: 0x41
    CPU architecture: 7
    CPU variant	: 0x4
    CPU part	: 0xc09
    CPU revision	: 1

    Hardware	: BRCM XGS iProc
    Revision	: 0000
    Serial		: 0000000000000000
    
    # cat /proc/meminfo 
    MemTotal:         496448 kB
    MemFree:          191636 kB
    MemAvailable:     229304 kB
    Buffers:            3004 kB
    Cached:            39796 kB
    SwapCached:            0 kB
    Active:            51384 kB
    Inactive:          13796 kB
    Active(anon):      22380 kB
    Inactive(anon):        0 kB
    Active(file):      29004 kB
    Inactive(file):    13796 kB
    Unevictable:           0 kB
    Mlocked:               0 kB
    SwapTotal:             0 kB
    SwapFree:              0 kB
    Dirty:                36 kB
    Writeback:             0 kB
    AnonPages:         22392 kB
    Mapped:            25328 kB
    Shmem:                 0 kB
    Slab:               5552 kB
    SReclaimable:       2536 kB
    SUnreclaim:         3016 kB
    KernelStack:         976 kB
    PageTables:          884 kB
    NFS_Unstable:          0 kB
    Bounce:                0 kB
    WritebackTmp:          0 kB
    CommitLimit:      248224 kB
    Committed_AS:     187780 kB
    VmallocTotal:     524288 kB
    VmallocUsed:           0 kB
    VmallocChunk:          0 kB
    CmaTotal:          32768 kB
    CmaFree:             664 kB

## 测试组网
    pc 192.168.3.126/24 -------- 192.168.3.111/24 SW 10.0.0.111/24 -------- 10.0.0.36/24 server
   
    tcp: 
    iperf -p 12345 -c 10.0.0.36 -P 5                                      iperf -p 12345 -s 
    
    udp:
    iperf -u -p 12345                                                    iperf -s -p 12345
    
## 内核路由转发
        - - - - - - - - - - - - - - - - - - - - - - - - -
    [ ID] Interval           Transfer     Bandwidth
    [  5]   0.00-60.04  sec  0.00 Bytes  0.00 bits/sec                  sender
    [  5]   0.00-60.04  sec   333 MBytes  46.5 Mbits/sec                  receiver
    -----------------------------------------------------------
    Server listening on 12345
    -----------------------------------------------------------
    
## 单条NAT测试
    百兆网卡：TCP流测试
    - - - - - - - - - - - - - - - - - - - - - - - - -
    [ ID] Interval           Transfer     Bandwidth
    [  6]   0.00-60.05  sec  0.00 Bytes  0.00 bits/sec                  sender
    [  6]   0.00-60.05  sec   292 MBytes  40.8 Mbits/sec                  receiver
    -----------------------------------------------------------